main.c:83:6:HAL_GPIO_EXTI_Callback	16	static
main.c:104:6:HAL_TIM_PeriodElapsedCallback	16	static
main.c:126:5:debouncer	24	static
main.c:153:6:display_titulo	16	static
main.c:163:6:display_intruso	16	static
main.c:174:6:get_info	8	static
main.c:180:6:display_info	16	static
main.c:228:6:buzzer_on	4	static
main.c:232:6:buzzer_off	4	static
main.c:242:5:main	8	static
main.c:311:6:SystemClock_Config	88	static
main.c:355:13:MX_I2C1_Init	8	static
main.c:389:13:MX_TIM2_Init	64	static
main.c:448:13:MX_TIM4_Init	32	static
main.c:493:13:MX_GPIO_Init	48	static
main.c:536:6:Error_Handler	4	static,ignoring_inline_asm
